Archive member included to satisfy reference by file (symbol)

c:/st/stm32cubeide_1.5.0/stm32cubeide/plugins/com.st.stm32cube.ide.mcu.externaltools.gnu-tools-for-stm32.7-2018-q2-update.win32_1.5.0.202011040924/tools/bin/../lib/gcc/arm-none-eabi/7.3.1/../../../../arm-none-eabi/lib/thumb/v7e-m/fpv4-sp/hard\libc_nano.a(lib_a-errno.o)
                              Src/syscalls.o (__errno)
c:/st/stm32cubeide_1.5.0/stm32cubeide/plugins/com.st.stm32cube.ide.mcu.externaltools.gnu-tools-for-stm32.7-2018-q2-update.win32_1.5.0.202011040924/tools/bin/../lib/gcc/arm-none-eabi/7.3.1/../../../../arm-none-eabi/lib/thumb/v7e-m/fpv4-sp/hard\libc_nano.a(lib_a-exit.o)
                              c:/st/stm32cubeide_1.5.0/stm32cubeide/plugins/com.st.stm32cube.ide.mcu.externaltools.gnu-tools-for-stm32.7-2018-q2-update.win32_1.5.0.202011040924/tools/bin/../lib/gcc/arm-none-eabi/7.3.1/../../../../arm-none-eabi/lib/thumb/v7e-m/fpv4-sp/hard/crt0.o (exit)
c:/st/stm32cubeide_1.5.0/stm32cubeide/plugins/com.st.stm32cube.ide.mcu.externaltools.gnu-tools-for-stm32.7-2018-q2-update.win32_1.5.0.202011040924/tools/bin/../lib/gcc/arm-none-eabi/7.3.1/../../../../arm-none-eabi/lib/thumb/v7e-m/fpv4-sp/hard\libc_nano.a(lib_a-impure.o)
                              c:/st/stm32cubeide_1.5.0/stm32cubeide/plugins/com.st.stm32cube.ide.mcu.externaltools.gnu-tools-for-stm32.7-2018-q2-update.win32_1.5.0.202011040924/tools/bin/../lib/gcc/arm-none-eabi/7.3.1/../../../../arm-none-eabi/lib/thumb/v7e-m/fpv4-sp/hard\libc_nano.a(lib_a-exit.o) (_global_impure_ptr)
c:/st/stm32cubeide_1.5.0/stm32cubeide/plugins/com.st.stm32cube.ide.mcu.externaltools.gnu-tools-for-stm32.7-2018-q2-update.win32_1.5.0.202011040924/tools/bin/../lib/gcc/arm-none-eabi/7.3.1/../../../../arm-none-eabi/lib/thumb/v7e-m/fpv4-sp/hard\libc_nano.a(lib_a-init.o)
                              c:/st/stm32cubeide_1.5.0/stm32cubeide/plugins/com.st.stm32cube.ide.mcu.externaltools.gnu-tools-for-stm32.7-2018-q2-update.win32_1.5.0.202011040924/tools/bin/../lib/gcc/arm-none-eabi/7.3.1/../../../../arm-none-eabi/lib/thumb/v7e-m/fpv4-sp/hard/crt0.o (__libc_init_array)
c:/st/stm32cubeide_1.5.0/stm32cubeide/plugins/com.st.stm32cube.ide.mcu.externaltools.gnu-tools-for-stm32.7-2018-q2-update.win32_1.5.0.202011040924/tools/bin/../lib/gcc/arm-none-eabi/7.3.1/../../../../arm-none-eabi/lib/thumb/v7e-m/fpv4-sp/hard\libc_nano.a(lib_a-memset.o)
                              c:/st/stm32cubeide_1.5.0/stm32cubeide/plugins/com.st.stm32cube.ide.mcu.externaltools.gnu-tools-for-stm32.7-2018-q2-update.win32_1.5.0.202011040924/tools/bin/../lib/gcc/arm-none-eabi/7.3.1/../../../../arm-none-eabi/lib/thumb/v7e-m/fpv4-sp/hard/crt0.o (memset)
c:/st/stm32cubeide_1.5.0/stm32cubeide/plugins/com.st.stm32cube.ide.mcu.externaltools.gnu-tools-for-stm32.7-2018-q2-update.win32_1.5.0.202011040924/tools/bin/../lib/gcc/arm-none-eabi/7.3.1/../../../../arm-none-eabi/lib/thumb/v7e-m/fpv4-sp/hard\libc_nano.a(lib_a-rand.o)
                              Src/main.o (rand)
c:/st/stm32cubeide_1.5.0/stm32cubeide/plugins/com.st.stm32cube.ide.mcu.externaltools.gnu-tools-for-stm32.7-2018-q2-update.win32_1.5.0.202011040924/tools/bin/../lib/gcc/arm-none-eabi/7.3.1/../../../../arm-none-eabi/lib/thumb/v7e-m/fpv4-sp/hard\libc_nano.a(lib_a-malloc.o)
                              c:/st/stm32cubeide_1.5.0/stm32cubeide/plugins/com.st.stm32cube.ide.mcu.externaltools.gnu-tools-for-stm32.7-2018-q2-update.win32_1.5.0.202011040924/tools/bin/../lib/gcc/arm-none-eabi/7.3.1/../../../../arm-none-eabi/lib/thumb/v7e-m/fpv4-sp/hard\libc_nano.a(lib_a-rand.o) (malloc)
c:/st/stm32cubeide_1.5.0/stm32cubeide/plugins/com.st.stm32cube.ide.mcu.externaltools.gnu-tools-for-stm32.7-2018-q2-update.win32_1.5.0.202011040924/tools/bin/../lib/gcc/arm-none-eabi/7.3.1/../../../../arm-none-eabi/lib/thumb/v7e-m/fpv4-sp/hard\libc_nano.a(lib_a-nano-freer.o)
                              c:/st/stm32cubeide_1.5.0/stm32cubeide/plugins/com.st.stm32cube.ide.mcu.externaltools.gnu-tools-for-stm32.7-2018-q2-update.win32_1.5.0.202011040924/tools/bin/../lib/gcc/arm-none-eabi/7.3.1/../../../../arm-none-eabi/lib/thumb/v7e-m/fpv4-sp/hard\libc_nano.a(lib_a-malloc.o) (_free_r)
c:/st/stm32cubeide_1.5.0/stm32cubeide/plugins/com.st.stm32cube.ide.mcu.externaltools.gnu-tools-for-stm32.7-2018-q2-update.win32_1.5.0.202011040924/tools/bin/../lib/gcc/arm-none-eabi/7.3.1/../../../../arm-none-eabi/lib/thumb/v7e-m/fpv4-sp/hard\libc_nano.a(lib_a-nano-mallocr.o)
                              c:/st/stm32cubeide_1.5.0/stm32cubeide/plugins/com.st.stm32cube.ide.mcu.externaltools.gnu-tools-for-stm32.7-2018-q2-update.win32_1.5.0.202011040924/tools/bin/../lib/gcc/arm-none-eabi/7.3.1/../../../../arm-none-eabi/lib/thumb/v7e-m/fpv4-sp/hard\libc_nano.a(lib_a-malloc.o) (_malloc_r)
[...]
Memory Configuration

Name             Origin             Length             Attributes
RAM              0x0000000020000000 0x0000000000020000 xrw
FLASH            0x0000000008000000 0x0000000000080000 xr
*default*        0x0000000000000000 0xffffffffffffffff

Linker script and memory map

LOAD c:/st/stm32cubeide_1.5.0/stm32cubeide/plugins/com.st.stm32cube.ide.mcu.externaltools.gnu-tools-for-stm32.7-2018-q2-update.win32_1.5.0.202011040924/tools/bin/../lib/gcc/arm-none-eabi/7.3.1/thumb/v7e-m/fpv4-sp/hard/crti.o
LOAD c:/st/stm32cubeide_1.5.0/stm32cubeide/plugins/com.st.stm32cube.ide.mcu.externaltools.gnu-tools-for-stm32.7-2018-q2-update.win32_1.5.0.202011040924/tools/bin/../lib/gcc/arm-none-eabi/7.3.1/thumb/v7e-m/fpv4-sp/hard/crtbegin.o
LOAD c:/st/stm32cubeide_1.5.0/stm32cubeide/plugins/com.st.stm32cube.ide.mcu.externaltools.gnu-tools-for-stm32.7-2018-q2-update.win32_1.5.0.202011040924/tools/bin/../lib/gcc/arm-none-eabi/7.3.1/../../../../arm-none-eabi/lib/thumb/v7e-m/fpv4-sp/hard/crt0.o
LOAD Src/main.o
LOAD Src/syscalls.o
LOAD Src/sysmem.o
LOAD Startup/startup_stm32f411vetx.o
LOAD drivers/Src/fonts.o
LOAD drivers/Src/oled.o
LOAD drivers/Src/stm32f4_gpio.o
LOAD drivers/Src/stm32f4_i2c.o
LOAD drivers/Src/stm32f4_rcc.o
LOAD drivers/Src/systick.o
START GROUP
LOAD c:/st/stm32cubeide_1.5.0/stm32cubeide/plugins/com.st.stm32cube.ide.mcu.externaltools.gnu-tools-for-stm32.7-2018-q2-update.win32_1.5.0.202011040924/tools/bin/../lib/gcc/arm-none-eabi/7.3.1/../../../../arm-none-eabi/lib/thumb/v7e-m/fpv4-sp/hard\libc_nano.a
LOAD c:/st/stm32cubeide_1.5.0/stm32cubeide/plugins/com.st.stm32cube.ide.mcu.externaltools.gnu-tools-for-stm32.7-2018-q2-update.win32_1.5.0.202011040924/tools/bin/../lib/gcc/arm-none-eabi/7.3.1/../../../../arm-none-eabi/lib/thumb/v7e-m/fpv4-sp/hard\libm.a
END GROUP
START GROUP
LOAD c:/st/stm32cubeide_1.5.0/stm32cubeide/plugins/com.st.stm32cube.ide.mcu.externaltools.gnu-tools-for-stm32.7-2018-q2-update.win32_1.5.0.202011040924/tools/bin/../lib/gcc/arm-none-eabi/7.3.1/thumb/v7e-m/fpv4-sp/hard\libgcc.a
LOAD c:/st/stm32cubeide_1.5.0/stm32cubeide/plugins/com.st.stm32cube.ide.mcu.externaltools.gnu-tools-for-stm32.7-2018-q2-update.win32_1.5.0.202011040924/tools/bin/../lib/gcc/arm-none-eabi/7.3.1/../../../../arm-none-eabi/lib/thumb/v7e-m/fpv4-sp/hard\libc_nano.a
END GROUP
START GROUP
LOAD c:/st/stm32cubeide_1.5.0/stm32cubeide/plugins/com.st.stm32cube.ide.mcu.externaltools.gnu-tools-for-stm32.7-2018-q2-update.win32_1.5.0.202011040924/tools/bin/../lib/gcc/arm-none-eabi/7.3.1/thumb/v7e-m/fpv4-sp/hard\libgcc.a
LOAD c:/st/stm32cubeide_1.5.0/stm32cubeide/plugins/com.st.stm32cube.ide.mcu.externaltools.gnu-tools-for-stm32.7-2018-q2-update.win32_1.5.0.202011040924/tools/bin/../lib/gcc/arm-none-eabi/7.3.1/../../../../arm-none-eabi/lib/thumb/v7e-m/fpv4-sp/hard\libc_nano.a
LOAD c:/st/stm32cubeide_1.5.0/stm32cubeide/plugins/com.st.stm32cube.ide.mcu.externaltools.gnu-tools-for-stm32.7-2018-q2-update.win32_1.5.0.202011040924/tools/bin/../lib/gcc/arm-none-eabi/7.3.1/../../../../arm-none-eabi/lib/thumb/v7e-m/fpv4-sp/hard\libnosys.a
END GROUP
START GROUP
LOAD c:/st/stm32cubeide_1.5.0/stm32cubeide/plugins/com.st.stm32cube.ide.mcu.externaltools.gnu-tools-for-stm32.7-2018-q2-update.win32_1.5.0.202011040924/tools/bin/../lib/gcc/arm-none-eabi/7.3.1/thumb/v7e-m/fpv4-sp/hard\libgcc.a
LOAD c:/st/stm32cubeide_1.5.0/stm32cubeide/plugins/com.st.stm32cube.ide.mcu.externaltools.gnu-tools-for-stm32.7-2018-q2-update.win32_1.5.0.202011040924/tools/bin/../lib/gcc/arm-none-eabi/7.3.1/../../../../arm-none-eabi/lib/thumb/v7e-m/fpv4-sp/hard\libc_nano.a
LOAD c:/st/stm32cubeide_1.5.0/stm32cubeide/plugins/com.st.stm32cube.ide.mcu.externaltools.gnu-tools-for-stm32.7-2018-q2-update.win32_1.5.0.202011040924/tools/bin/../lib/gcc/arm-none-eabi/7.3.1/../../../../arm-none-eabi/lib/thumb/v7e-m/fpv4-sp/hard\libnosys.a
END GROUP
LOAD c:/st/stm32cubeide_1.5.0/stm32cubeide/plugins/com.st.stm32cube.ide.mcu.externaltools.gnu-tools-for-stm32.7-2018-q2-update.win32_1.5.0.202011040924/tools/bin/../lib/gcc/arm-none-eabi/7.3.1/thumb/v7e-m/fpv4-sp/hard/crtend.o
LOAD c:/st/stm32cubeide_1.5.0/stm32cubeide/plugins/com.st.stm32cube.ide.mcu.externaltools.gnu-tools-for-stm32.7-2018-q2-update.win32_1.5.0.202011040924/tools/bin/../lib/gcc/arm-none-eabi/7.3.1/thumb/v7e-m/fpv4-sp/hard/crtn.o
                0x0000000020020000                _estack = (ORIGIN (RAM) + LENGTH (RAM))
                0x0000000000000200                _Min_Heap_Size = 0x200
                0x0000000000000400                _Min_Stack_Size = 0x400

.isr_vector     0x0000000008000000      0x198
                0x0000000008000000                . = ALIGN (0x4)
 *(.isr_vector)
 .isr_vector    0x0000000008000000      0x198 Startup/startup_stm32f411vetx.o
                0x0000000008000000                g_pfnVectors
                0x0000000008000198                . = ALIGN (0x4)

.text           0x0000000008000198     0x1a74
                0x0000000008000198                . = ALIGN (0x4)
 *(.text)
 .text          0x0000000008000198       0x40 c:/st/stm32cubeide_1.5.0/stm32cubeide/plugins/com.st.stm32cube.ide.mcu.externaltools.gnu-tools-for-stm32.7-2018-q2-update.win32_1.5.0.202011040924/tools/bin/../lib/gcc/arm-none-eabi/7.3.1/thumb/v7e-m/fpv4-sp/hard/crtbegin.o
 *(.text*)
 .text.I2C1_GPIOInits
                0x00000000080001d8       0x44 Src/main.o
                0x00000000080001d8                I2C1_GPIOInits
 .text.I2C1_Inits
                0x000000000800021c       0x38 Src/main.o
                0x000000000800021c                I2C1_Inits
 .text.GPIO_ButtonInit
                0x0000000008000254       0x90 Src/main.o
                0x0000000008000254                GPIO_ButtonInit
 .text.main     0x00000000080002e4       0xc0 Src/main.o
                0x00000000080002e4                main
 .text.draw_snake
                0x00000000080003a4       0x62 Src/main.o
                0x00000000080003a4                draw_snake
 .text.draw_food
                0x0000000008000406       0x62 Src/main.o
                0x0000000008000406                draw_food
 .text.clear_block
                0x0000000008000468       0x62 Src/main.o
                0x0000000008000468                clear_block
 *fill*         0x00000000080004ca        0x2 
 .text.update_grid
                0x00000000080004cc       0x80 Src/main.o
                0x00000000080004cc                update_grid
 .text.init_grid
                0x000000000800054c       0x4c Src/main.o
                0x000000000800054c                init_grid
 .text.move_snake
                0x0000000008000598      0x16c Src/main.o
                0x0000000008000598                move_snake
 .text.re_init  0x0000000008000704       0x88 Src/main.o
                0x0000000008000704                re_init
 .text.spawn_food
                0x000000000800078c       0x58 Src/main.o
                0x000000000800078c                spawn_food
 .text.rand_no  0x00000000080007e4       0x28 Src/main.o
                0x00000000080007e4                rand_no
 .text.check_collision
                0x000000000800080c       0x70 Src/main.o
                0x000000000800080c                check_collision
 .text.wait_check
                0x000000000800087c      0x134 Src/main.o
                0x000000000800087c                wait_check
 .text.check_food
                0x00000000080009b0       0x88 Src/main.o
                0x00000000080009b0                check_food
 .text.game_over_screen
                0x0000000008000a38       0x74 Src/main.o
                0x0000000008000a38                game_over_screen
 .text._sbrk    0x0000000008000aac       0x6c Src/sysmem.o
                0x0000000008000aac                _sbrk
 .text.Reset_Handler
                0x0000000008000b18       0x50 Startup/startup_stm32f411vetx.o
                0x0000000008000b18                Reset_Handler
 .text.Default_Handler
                0x0000000008000b68        0x2 Startup/startup_stm32f411vetx.o
                0x0000000008000b68                RTC_Alarm_IRQHandler
                0x0000000008000b68                EXTI2_IRQHandler
                0x0000000008000b68                DebugMon_Handler
                0x0000000008000b68                SPI4_IRQHandler
                0x0000000008000b68                TIM1_CC_IRQHandler
                0x0000000008000b68                DMA2_Stream5_IRQHandler
                0x0000000008000b68                HardFault_Handler
                0x0000000008000b68                DMA1_Stream5_IRQHandler
                0x0000000008000b68                SysTick_Handler
                0x0000000008000b68                PVD_IRQHandler
                0x0000000008000b68                SDIO_IRQHandler
                0x0000000008000b68                TAMP_STAMP_IRQHandler
                0x0000000008000b68                PendSV_Handler
                0x0000000008000b68                NMI_Handler
                0x0000000008000b68                EXTI3_IRQHandler
                0x0000000008000b68                TIM1_UP_TIM10_IRQHandler
                0x0000000008000b68                I2C3_ER_IRQHandler
                0x0000000008000b68                EXTI0_IRQHandler
                0x0000000008000b68                I2C2_EV_IRQHandler
                0x0000000008000b68                DMA1_Stream2_IRQHandler
                0x0000000008000b68                FPU_IRQHandler
                0x0000000008000b68                UsageFault_Handler
                0x0000000008000b68                DMA2_Stream2_IRQHandler
                0x0000000008000b68                SPI1_IRQHandler
                0x0000000008000b68                TIM1_BRK_TIM9_IRQHandler
                0x0000000008000b68                DMA2_Stream3_IRQHandler
                0x0000000008000b68                USART6_IRQHandler
                0x0000000008000b68                DMA2_Stream0_IRQHandler
                0x0000000008000b68                TIM4_IRQHandler
                0x0000000008000b68                I2C1_EV_IRQHandler
                0x0000000008000b68                DMA1_Stream6_IRQHandler
                0x0000000008000b68                DMA1_Stream1_IRQHandler
                0x0000000008000b68                TIM3_IRQHandler
                0x0000000008000b68                RCC_IRQHandler
                0x0000000008000b68                Default_Handler
                0x0000000008000b68                EXTI15_10_IRQHandler
                0x0000000008000b68                ADC_IRQHandler
                0x0000000008000b68                DMA1_Stream7_IRQHandler
                0x0000000008000b68                SPI5_IRQHandler
                0x0000000008000b68                TIM5_IRQHandler
                0x0000000008000b68                DMA2_Stream7_IRQHandler
                0x0000000008000b68                I2C3_EV_IRQHandler
                0x0000000008000b68                EXTI9_5_IRQHandler
                0x0000000008000b68                RTC_WKUP_IRQHandler
                0x0000000008000b68                SPI2_IRQHandler
                0x0000000008000b68                MemManage_Handler
                0x0000000008000b68                DMA1_Stream0_IRQHandler
                0x0000000008000b68                SVC_Handler
                0x0000000008000b68                EXTI4_IRQHandler
                0x0000000008000b68                WWDG_IRQHandler
                0x0000000008000b68                TIM2_IRQHandler
                0x0000000008000b68                OTG_FS_WKUP_IRQHandler
                0x0000000008000b68                TIM1_TRG_COM_TIM11_IRQHandler
                0x0000000008000b68                EXTI1_IRQHandler
                0x0000000008000b68                USART2_IRQHandler
                0x0000000008000b68                I2C2_ER_IRQHandler
                0x0000000008000b68                DMA2_Stream1_IRQHandler
                0x0000000008000b68                FLASH_IRQHandler
                0x0000000008000b68                DMA2_Stream4_IRQHandler
                0x0000000008000b68                BusFault_Handler
                0x0000000008000b68                USART1_IRQHandler
                0x0000000008000b68                OTG_FS_IRQHandler
                0x0000000008000b68                SPI3_IRQHandler
                0x0000000008000b68                DMA1_Stream4_IRQHandler
                0x0000000008000b68                I2C1_ER_IRQHandler
                0x0000000008000b68                DMA2_Stream6_IRQHandler
                0x0000000008000b68                DMA1_Stream3_IRQHandler
 *fill*         0x0000000008000b6a        0x2 
 .text.ssd1306_I2C_Write
                0x0000000008000b6c       0x3c drivers/Src/oled.o
                0x0000000008000b6c                ssd1306_I2C_Write
 .text.ssd1306_I2C_WriteMulti
                0x0000000008000ba8       0x90 drivers/Src/oled.o
                0x0000000008000ba8                ssd1306_I2C_WriteMulti
 .text.ssd1306_Init
                0x0000000008000c38      0x144 drivers/Src/oled.o
                0x0000000008000c38                ssd1306_Init
 .text.ssd1306_Fill
                0x0000000008000d7c       0x44 drivers/Src/oled.o
                0x0000000008000d7c                ssd1306_Fill
 .text.ssd1306_UpdateScreen
                0x0000000008000dc0       0x5c drivers/Src/oled.o
                0x0000000008000dc0                ssd1306_UpdateScreen
 .text.ssd1306_DrawPixel
                0x0000000008000e1c       0xc0 drivers/Src/oled.o
                0x0000000008000e1c                ssd1306_DrawPixel
 .text.ssd1306_WriteChar
                0x0000000008000edc      0x100 drivers/Src/oled.o
                0x0000000008000edc                ssd1306_WriteChar
 .text.ssd1306_WriteString
                0x0000000008000fdc       0x4c drivers/Src/oled.o
                0x0000000008000fdc                ssd1306_WriteString
 .text.ssd1306_SetCursor
                0x0000000008001028       0x30 drivers/Src/oled.o
                0x0000000008001028                ssd1306_SetCursor
 .text.SSD1306_ClearScreen
                0x0000000008001058       0x42 drivers/Src/oled.o
                0x0000000008001058                SSD1306_ClearScreen
 *fill*         0x000000000800109a        0x2 
 .text.GPIO_PeriClockControl
                0x000000000800109c      0x140 drivers/Src/stm32f4_gpio.o
                0x000000000800109c                GPIO_PeriClockControl
 .text.GPIO_Init
                0x00000000080011dc      0x2fc drivers/Src/stm32f4_gpio.o
                0x00000000080011dc                GPIO_Init
 .text.GPIO_ReadFromInputPin
                0x00000000080014d8       0x2c drivers/Src/stm32f4_gpio.o
                0x00000000080014d8                GPIO_ReadFromInputPin
 .text.I2C_GenerateStartCondition
                0x0000000008001504       0x20 drivers/Src/stm32f4_i2c.o
 .text.I2C_ExecuteAddressPhaseWrite
                0x0000000008001524       0x26 drivers/Src/stm32f4_i2c.o
 .text.I2C_ClearADDRFlag
                0x000000000800154a       0x6e drivers/Src/stm32f4_i2c.o
 .text.I2C_GenerateStopCondition
                0x00000000080015b8       0x20 drivers/Src/stm32f4_i2c.o
                0x00000000080015b8                I2C_GenerateStopCondition
 .text.I2C_PeripheralControl
                0x00000000080015d8       0x38 drivers/Src/stm32f4_i2c.o
                0x00000000080015d8                I2C_PeripheralControl
 .text.I2C_PeriClockControl
                0x0000000008001610       0x70 drivers/Src/stm32f4_i2c.o
                0x0000000008001610                I2C_PeriClockControl
 .text.I2C_Init
                0x0000000008001680      0x164 drivers/Src/stm32f4_i2c.o
                0x0000000008001680                I2C_Init
 .text.I2C_GetFlagStatus
                0x00000000080017e4       0x28 drivers/Src/stm32f4_i2c.o
                0x00000000080017e4                I2C_GetFlagStatus
 .text.I2C_MasterSendData
                0x000000000800180c       0xc6 drivers/Src/stm32f4_i2c.o
                0x000000000800180c                I2C_MasterSendData
 .text.I2C_ManageAcking
                0x00000000080018d2       0x38 drivers/Src/stm32f4_i2c.o
                0x00000000080018d2                I2C_ManageAcking
 *fill*         0x000000000800190a        0x2 
 .text.RCC_GetPCLK1Value
                0x000000000800190c       0xa8 drivers/Src/stm32f4_rcc.o
                0x000000000800190c                RCC_GetPCLK1Value
 .text.systick_init
                0x00000000080019b4       0x3c drivers/Src/systick.o
                0x00000000080019b4                systick_init
 .text.DelayMillis
                0x00000000080019f0       0x3c drivers/Src/systick.o
                0x00000000080019f0                DelayMillis
 .text.DelayMs  0x0000000008001a2c       0x22 drivers/Src/systick.o
                0x0000000008001a2c                DelayMs
 *fill*         0x0000000008001a4e        0x2 
 .text.__errno  0x0000000008001a50        0xc c:/st/stm32cubeide_1.5.0/stm32cubeide/plugins/com.st.stm32cube.ide.mcu.externaltools.gnu-tools-for-stm32.7-2018-q2-update.win32_1.5.0.202011040924/tools/bin/../lib/gcc/arm-none-eabi/7.3.1/../../../../arm-none-eabi/lib/thumb/v7e-m/fpv4-sp/hard\libc_nano.a(lib_a-errno.o)
                0x0000000008001a50                __errno
 .text.__libc_init_array
                0x0000000008001a5c       0x48 c:/st/stm32cubeide_1.5.0/stm32cubeide/plugins/com.st.stm32cube.ide.mcu.externaltools.gnu-tools-for-stm32.7-2018-q2-update.win32_1.5.0.202011040924/tools/bin/../lib/gcc/arm-none-eabi/7.3.1/../../../../arm-none-eabi/lib/thumb/v7e-m/fpv4-sp/hard\libc_nano.a(lib_a-init.o)
                0x0000000008001a5c                __libc_init_array
 .text.rand     0x0000000008001aa4       0x68 c:/st/stm32cubeide_1.5.0/stm32cubeide/plugins/com.st.stm32cube.ide.mcu.externaltools.gnu-tools-for-stm32.7-2018-q2-update.win32_1.5.0.202011040924/tools/bin/../lib/gcc/arm-none-eabi/7.3.1/../../../../arm-none-eabi/lib/thumb/v7e-m/fpv4-sp/hard\libc_nano.a(lib_a-rand.o)
                0x0000000008001aa4                rand
 .text.malloc   0x0000000008001b0c       0x10 c:/st/stm32cubeide_1.5.0/stm32cubeide/plugins/com.st.stm32cube.ide.mcu.externaltools.gnu-tools-for-stm32.7-2018-q2-update.win32_1.5.0.202011040924/tools/bin/../lib/gcc/arm-none-eabi/7.3.1/../../../../arm-none-eabi/lib/thumb/v7e-m/fpv4-sp/hard\libc_nano.a(lib_a-malloc.o)
                0x0000000008001b0c                malloc
 .text._malloc_r
                0x0000000008001b1c       0xb4 c:/st/stm32cubeide_1.5.0/stm32cubeide/plugins/com.st.stm32cube.ide.mcu.externaltools.gnu-tools-for-stm32.7-2018-q2-update.win32_1.5.0.202011040924/tools/bin/../lib/gcc/arm-none-eabi/7.3.1/../../../../arm-none-eabi/lib/thumb/v7e-m/fpv4-sp/hard\libc_nano.a(lib_a-nano-mallocr.o)
                0x0000000008001b1c                _malloc_r
 .text._sbrk_r  0x0000000008001bd0       0x20 c:/st/stm32cubeide_1.5.0/stm32cubeide/plugins/com.st.stm32cube.ide.mcu.externaltools.gnu-tools-for-stm32.7-2018-q2-update.win32_1.5.0.202011040924/tools/bin/../lib/gcc/arm-none-eabi/7.3.1/../../../../arm-none-eabi/lib/thumb/v7e-m/fpv4-sp/hard\libc_nano.a(lib_a-sbrkr.o)
                0x0000000008001bd0                _sbrk_r
 .text.__malloc_lock
                0x0000000008001bf0        0x2 c:/st/stm32cubeide_1.5.0/stm32cubeide/plugins/com.st.stm32cube.ide.mcu.externaltools.gnu-tools-for-stm32.7-2018-q2-update.win32_1.5.0.202011040924/tools/bin/../lib/gcc/arm-none-eabi/7.3.1/../../../../arm-none-eabi/lib/thumb/v7e-m/fpv4-sp/hard\libc_nano.a(lib_a-mlock.o)
                0x0000000008001bf0                __malloc_lock
 .text.__malloc_unlock
                0x0000000008001bf2        0x2 c:/st/stm32cubeide_1.5.0/stm32cubeide/plugins/com.st.stm32cube.ide.mcu.externaltools.gnu-tools-for-stm32.7-2018-q2-update.win32_1.5.0.202011040924/tools/bin/../lib/gcc/arm-none-eabi/7.3.1/../../../../arm-none-eabi/lib/thumb/v7e-m/fpv4-sp/hard\libc_nano.a(lib_a-mlock.o)
                0x0000000008001bf2                __malloc_unlock
 *(.glue_7)
 .glue_7        0x0000000008001bf4        0x0 linker stubs
 *(.glue_7t)
 .glue_7t       0x0000000008001bf4        0x0 linker stubs
 *(.eh_frame)
 .eh_frame      0x0000000008001bf4        0x0 c:/st/stm32cubeide_1.5.0/stm32cubeide/plugins/com.st.stm32cube.ide.mcu.externaltools.gnu-tools-for-stm32.7-2018-q2-update.win32_1.5.0.202011040924/tools/bin/../lib/gcc/arm-none-eabi/7.3.1/thumb/v7e-m/fpv4-sp/hard/crtbegin.o
 *(.init)
 .init          0x0000000008001bf4        0x4 c:/st/stm32cubeide_1.5.0/stm32cubeide/plugins/com.st.stm32cube.ide.mcu.externaltools.gnu-tools-for-stm32.7-2018-q2-update.win32_1.5.0.202011040924/tools/bin/../lib/gcc/arm-none-eabi/7.3.1/thumb/v7e-m/fpv4-sp/hard/crti.o
                0x0000000008001bf4                _init
 .init          0x0000000008001bf8        0x8 c:/st/stm32cubeide_1.5.0/stm32cubeide/plugins/com.st.stm32cube.ide.mcu.externaltools.gnu-tools-for-stm32.7-2018-q2-update.win32_1.5.0.202011040924/tools/bin/../lib/gcc/arm-none-eabi/7.3.1/thumb/v7e-m/fpv4-sp/hard/crtn.o
 *(.fini)
 .fini          0x0000000008001c00        0x4 c:/st/stm32cubeide_1.5.0/stm32cubeide/plugins/com.st.stm32cube.ide.mcu.externaltools.gnu-tools-for-stm32.7-2018-q2-update.win32_1.5.0.202011040924/tools/bin/../lib/gcc/arm-none-eabi/7.3.1/thumb/v7e-m/fpv4-sp/hard/crti.o
                0x0000000008001c00                _fini
 .fini          0x0000000008001c04        0x8 c:/st/stm32cubeide_1.5.0/stm32cubeide/plugins/com.st.stm32cube.ide.mcu.externaltools.gnu-tools-for-stm32.7-2018-q2-update.win32_1.5.0.202011040924/tools/bin/../lib/gcc/arm-none-eabi/7.3.1/thumb/v7e-m/fpv4-sp/hard/crtn.o
                0x0000000008001c0c                . = ALIGN (0x4)
                0x0000000008001c0c                _etext = .

.vfp11_veneer   0x0000000008001c0c        0x0
 .vfp11_veneer  0x0000000008001c0c        0x0 linker stubs

.v4_bx          0x0000000008001c0c        0x0
 .v4_bx         0x0000000008001c0c        0x0 linker stubs

.iplt           0x0000000008001c0c        0x0
 .iplt          0x0000000008001c0c        0x0 c:/st/stm32cubeide_1.5.0/stm32cubeide/plugins/com.st.stm32cube.ide.mcu.externaltools.gnu-tools-for-stm32.7-2018-q2-update.win32_1.5.0.202011040924/tools/bin/../lib/gcc/arm-none-eabi/7.3.1/thumb/v7e-m/fpv4-sp/hard/crtbegin.o

.rodata         0x0000000008001c0c      0xd70
                0x0000000008001c0c                . = ALIGN (0x4)
 *(.rodata)
 .rodata        0x0000000008001c0c       0x14 Src/main.o
 *(.rodata*)
 .rodata.Font11x18
                0x0000000008001c20      0xd5c drivers/Src/fonts.o
                0x000000000800297c                . = ALIGN (0x4)

.rel.dyn        0x000000000800297c        0x0
 .rel.iplt      0x000000000800297c        0x0 c:/st/stm32cubeide_1.5.0/stm32cubeide/plugins/com.st.stm32cube.ide.mcu.externaltools.gnu-tools-for-stm32.7-2018-q2-update.win32_1.5.0.202011040924/tools/bin/../lib/gcc/arm-none-eabi/7.3.1/thumb/v7e-m/fpv4-sp/hard/crtbegin.o

.ARM.extab      0x000000000800297c        0x0
                0x000000000800297c                . = ALIGN (0x4)
 *(.ARM.extab* .gnu.linkonce.armextab.*)
                0x000000000800297c                . = ALIGN (0x4)

.ARM            0x000000000800297c        0x0
                0x000000000800297c                . = ALIGN (0x4)
                0x000000000800297c                __exidx_start = .
 *(.ARM.exidx*)
                0x000000000800297c                __exidx_end = .
                0x000000000800297c                . = ALIGN (0x4)

.preinit_array  0x000000000800297c        0x0
                0x000000000800297c                . = ALIGN (0x4)
                0x000000000800297c                PROVIDE (__preinit_array_start = .)
 *(.preinit_array*)
                0x000000000800297c                PROVIDE (__preinit_array_end = .)
                0x000000000800297c                . = ALIGN (0x4)

.init_array     0x000000000800297c        0x4
                0x000000000800297c                . = ALIGN (0x4)
                0x000000000800297c                PROVIDE (__init_array_start = .)
 *(SORT_BY_NAME(.init_array.*))
 *(.init_array*)
 .init_array    0x000000000800297c        0x4 c:/st/stm32cubeide_1.5.0/stm32cubeide/plugins/com.st.stm32cube.ide.mcu.externaltools.gnu-tools-for-stm32.7-2018-q2-update.win32_1.5.0.202011040924/tools/bin/../lib/gcc/arm-none-eabi/7.3.1/thumb/v7e-m/fpv4-sp/hard/crtbegin.o
                0x0000000008002980                PROVIDE (__init_array_end = .)
                0x0000000008002980                . = ALIGN (0x4)

.fini_array     0x0000000008002980        0x4
                0x0000000008002980                . = ALIGN (0x4)
                [!provide]                        PROVIDE (__fini_array_start = .)
 *(SORT_BY_NAME(.fini_array.*))
 *(.fini_array*)
 .fini_array    0x0000000008002980        0x4 c:/st/stm32cubeide_1.5.0/stm32cubeide/plugins/com.st.stm32cube.ide.mcu.externaltools.gnu-tools-for-stm32.7-2018-q2-update.win32_1.5.0.202011040924/tools/bin/../lib/gcc/arm-none-eabi/7.3.1/thumb/v7e-m/fpv4-sp/hard/crtbegin.o
                [!provide]                        PROVIDE (__fini_array_end = .)
                0x0000000008002984                . = ALIGN (0x4)
                0x0000000008002984                _sidata = LOADADDR (.data)

.data           0x0000000020000000       0x98 load address 0x0000000008002984
                0x0000000020000000                . = ALIGN (0x4)
                0x0000000020000000                _sdata = .
 *(.data)
 *(.data*)
 .data.snake_speed
                0x0000000020000000        0x8 Src/main.o
                0x0000000020000000                snake_speed
 .data.size_of_snake
                0x0000000020000008        0x4 Src/main.o
                0x0000000020000008                size_of_snake
 .data.Font_11x18
                0x000000002000000c        0x8 drivers/Src/fonts.o
                0x000000002000000c                Font_11x18
 .data.AHB_PreScaler
                0x0000000020000014       0x10 drivers/Src/stm32f4_rcc.o
                0x0000000020000014                AHB_PreScaler
 .data.APB1_PreScaler
                0x0000000020000024        0x4 drivers/Src/stm32f4_rcc.o
                0x0000000020000024                APB1_PreScaler
 .data.SYST_CTRL
                0x0000000020000028        0x4 drivers/Src/systick.o
                0x0000000020000028                SYST_CTRL
 .data.SYST_LOAD
                0x000000002000002c        0x4 drivers/Src/systick.o
                0x000000002000002c                SYST_LOAD
 .data.SYST_VAL
                0x0000000020000030        0x4 drivers/Src/systick.o
                0x0000000020000030                SYST_VAL
 .data._impure_ptr
                0x0000000020000034        0x4 c:/st/stm32cubeide_1.5.0/stm32cubeide/plugins/com.st.stm32cube.ide.mcu.externaltools.gnu-tools-for-stm32.7-2018-q2-update.win32_1.5.0.202011040924/tools/bin/../lib/gcc/arm-none-eabi/7.3.1/../../../../arm-none-eabi/lib/thumb/v7e-m/fpv4-sp/hard\libc_nano.a(lib_a-impure.o)
                0x0000000020000034                _impure_ptr
 .data.impure_data
                0x0000000020000038       0x60 c:/st/stm32cubeide_1.5.0/stm32cubeide/plugins/com.st.stm32cube.ide.mcu.externaltools.gnu-tools-for-stm32.7-2018-q2-update.win32_1.5.0.202011040924/tools/bin/../lib/gcc/arm-none-eabi/7.3.1/../../../../arm-none-eabi/lib/thumb/v7e-m/fpv4-sp/hard\libc_nano.a(lib_a-impure.o)
 *(.RamFunc)
 *(.RamFunc*)
                0x0000000020000098                . = ALIGN (0x4)
                0x0000000020000098                _edata = .

.igot.plt       0x0000000020000098        0x0 load address 0x0000000008002a1c
 .igot.plt      0x0000000020000098        0x0 c:/st/stm32cubeide_1.5.0/stm32cubeide/plugins/com.st.stm32cube.ide.mcu.externaltools.gnu-tools-for-stm32.7-2018-q2-update.win32_1.5.0.202011040924/tools/bin/../lib/gcc/arm-none-eabi/7.3.1/thumb/v7e-m/fpv4-sp/hard/crtbegin.o
                0x0000000020000098                . = ALIGN (0x4)

.bss            0x0000000020000098      0x714 load address 0x0000000008002a1c
                0x0000000020000098                _sbss = .
                0x0000000020000098                __bss_start__ = _sbss
 *(.bss)
 .bss           0x0000000020000098       0x1c c:/st/stm32cubeide_1.5.0/stm32cubeide/plugins/com.st.stm32cube.ide.mcu.externaltools.gnu-tools-for-stm32.7-2018-q2-update.win32_1.5.0.202011040924/tools/bin/../lib/gcc/arm-none-eabi/7.3.1/thumb/v7e-m/fpv4-sp/hard/crtbegin.o
 *(.bss*)
 .bss.sw_up     0x00000000200000b4        0x1 Src/main.o
                0x00000000200000b4                sw_up
 .bss.sw_down   0x00000000200000b5        0x1 Src/main.o
                0x00000000200000b5                sw_down
 .bss.sw_right  0x00000000200000b6        0x1 Src/main.o
                0x00000000200000b6                sw_right
 .bss.sw_left   0x00000000200000b7        0x1 Src/main.o
                0x00000000200000b7                sw_left
 .bss.__sbrk_heap_end
                0x00000000200000b8        0x4 Src/sysmem.o
 .bss.SSD1306_Buffer
                0x00000000200000bc      0x400 drivers/Src/oled.o
 .bss.SSD1306   0x00000000200004bc        0x6 drivers/Src/oled.o
 *fill*         0x00000000200004c2        0x2 
 .bss.__malloc_free_list
                0x00000000200004c4        0x4 c:/st/stm32cubeide_1.5.0/stm32cubeide/plugins/com.st.stm32cube.ide.mcu.externaltools.gnu-tools-for-stm32.7-2018-q2-update.win32_1.5.0.202011040924/tools/bin/../lib/gcc/arm-none-eabi/7.3.1/../../../../arm-none-eabi/lib/thumb/v7e-m/fpv4-sp/hard\libc_nano.a(lib_a-nano-mallocr.o)
                0x00000000200004c4                __malloc_free_list
 .bss.__malloc_sbrk_start
                0x00000000200004c8        0x4 c:/st/stm32cubeide_1.5.0/stm32cubeide/plugins/com.st.stm32cube.ide.mcu.externaltools.gnu-tools-for-stm32.7-2018-q2-update.win32_1.5.0.202011040924/tools/bin/../lib/gcc/arm-none-eabi/7.3.1/../../../../arm-none-eabi/lib/thumb/v7e-m/fpv4-sp/hard\libc_nano.a(lib_a-nano-mallocr.o)
                0x00000000200004c8                __malloc_sbrk_start
 *(COMMON)
 COMMON         0x00000000200004cc      0x2dc Src/main.o
                0x00000000200004cc                I2C1Handle
                0x00000000200004f4                snake_pos
                0x0000000020000594                score
                0x0000000020000598                draw_grid
                0x0000000020000798                old_poshy
                0x000000002000079c                pos_head
                0x00000000200007a4                old_poshx
 COMMON         0x00000000200007a8        0x4 c:/st/stm32cubeide_1.5.0/stm32cubeide/plugins/com.st.stm32cube.ide.mcu.externaltools.gnu-tools-for-stm32.7-2018-q2-update.win32_1.5.0.202011040924/tools/bin/../lib/gcc/arm-none-eabi/7.3.1/../../../../arm-none-eabi/lib/thumb/v7e-m/fpv4-sp/hard\libc_nano.a(lib_a-reent.o)
                0x00000000200007a8                errno
                0x00000000200007ac                . = ALIGN (0x4)
                0x00000000200007ac                _ebss = .
                0x00000000200007ac                __bss_end__ = _ebss

._user_heap_stack
                0x00000000200007ac      0x604 load address 0x0000000008002a1c
                0x00000000200007b0                . = ALIGN (0x8)
 *fill*         0x00000000200007ac        0x4 
                [!provide]                        PROVIDE (end = .)
                0x00000000200007b0                PROVIDE (_end = .)
                0x00000000200009b0                . = (. + _Min_Heap_Size)
 *fill*         0x00000000200007b0      0x200 
                0x0000000020000db0                . = (. + _Min_Stack_Size)
 *fill*         0x00000000200009b0      0x400 
                0x0000000020000db0                . = ALIGN (0x8)

/DISCARD/
 libc.a(*)
 libm.a(*)
 libgcc.a(*)

.ARM.attributes
                0x0000000000000000       0x30
 *(.ARM.attributes)
 .ARM.attributes
                0x0000000000000000       0x22 c:/st/stm32cubeide_1.5.0/stm32cubeide/plugins/com.st.stm32cube.ide.mcu.externaltools.gnu-tools-for-stm32.7-2018-q2-update.win32_1.5.0.202011040924/tools/bin/../lib/gcc/arm-none-eabi/7.3.1/thumb/v7e-m/fpv4-sp/hard/crti.o
 .ARM.attributes
                0x0000000000000022       0x34 c:/st/stm32cubeide_1.5.0/stm32cubeide/plugins/com.st.stm32cube.ide.mcu.externaltools.gnu-tools-for-stm32.7-2018-q2-update.win32_1.5.0.202011040924/tools/bin/../lib/gcc/arm-none-eabi/7.3.1/thumb/v7e-m/fpv4-sp/hard/crtbegin.o
 .ARM.attributes
                0x0000000000000056       0x39 Src/main.o
 .ARM.attributes
                0x000000000000008f       0x39 Src/sysmem.o
 .ARM.attributes
                0x00000000000000c8       0x21 Startup/startup_stm32f411vetx.o
 .ARM.attributes
                0x00000000000000e9       0x39 drivers/Src/fonts.o
 .ARM.attributes
                0x0000000000000122       0x39 drivers/Src/oled.o
 .ARM.attributes
                0x000000000000015b       0x39 drivers/Src/stm32f4_gpio.o
 .ARM.attributes
                0x0000000000000194       0x39 drivers/Src/stm32f4_i2c.o
 .ARM.attributes
                0x00000000000001cd       0x39 drivers/Src/stm32f4_rcc.o
 .ARM.attributes
                0x0000000000000206       0x39 drivers/Src/systick.o
 .ARM.attributes
                0x000000000000023f       0x34 c:/st/stm32cubeide_1.5.0/stm32cubeide/plugins/com.st.stm32cube.ide.mcu.externaltools.gnu-tools-for-stm32.7-2018-q2-update.win32_1.5.0.202011040924/tools/bin/../lib/gcc/arm-none-eabi/7.3.1/../../../../arm-none-eabi/lib/thumb/v7e-m/fpv4-sp/hard\libc_nano.a(lib_a-errno.o)
 .ARM.attributes
                0x0000000000000273       0x34 c:/st/stm32cubeide_1.5.0/stm32cubeide/plugins/com.st.stm32cube.ide.mcu.externaltools.gnu-tools-for-stm32.7-2018-q2-update.win32_1.5.0.202011040924/tools/bin/../lib/gcc/arm-none-eabi/7.3.1/../../../../arm-none-eabi/lib/thumb/v7e-m/fpv4-sp/hard\libc_nano.a(lib_a-impure.o)
 .ARM.attributes
                0x00000000000002a7       0x34 c:/st/stm32cubeide_1.5.0/stm32cubeide/plugins/com.st.stm32cube.ide.mcu.externaltools.gnu-tools-for-stm32.7-2018-q2-update.win32_1.5.0.202011040924/tools/bin/../lib/gcc/arm-none-eabi/7.3.1/../../../../arm-none-eabi/lib/thumb/v7e-m/fpv4-sp/hard\libc_nano.a(lib_a-init.o)
 .ARM.attributes
                0x00000000000002db       0x34 c:/st/stm32cubeide_1.5.0/stm32cubeide/plugins/com.st.stm32cube.ide.mcu.externaltools.gnu-tools-for-stm32.7-2018-q2-update.win32_1.5.0.202011040924/tools/bin/../lib/gcc/arm-none-eabi/7.3.1/../../../../arm-none-eabi/lib/thumb/v7e-m/fpv4-sp/hard\libc_nano.a(lib_a-rand.o)
 .ARM.attributes
                0x000000000000030f       0x34 c:/st/stm32cubeide_1.5.0/stm32cubeide/plugins/com.st.stm32cube.ide.mcu.externaltools.gnu-tools-for-stm32.7-2018-q2-update.win32_1.5.0.202011040924/tools/bin/../lib/gcc/arm-none-eabi/7.3.1/../../../../arm-none-eabi/lib/thumb/v7e-m/fpv4-sp/hard\libc_nano.a(lib_a-malloc.o)
 .ARM.attributes
                0x0000000000000343       0x34 c:/st/stm32cubeide_1.5.0/stm32cubeide/plugins/com.st.stm32cube.ide.mcu.externaltools.gnu-tools-for-stm32.7-2018-q2-update.win32_1.5.0.202011040924/tools/bin/../lib/gcc/arm-none-eabi/7.3.1/../../../../arm-none-eabi/lib/thumb/v7e-m/fpv4-sp/hard\libc_nano.a(lib_a-nano-mallocr.o)
 .ARM.attributes
                0x0000000000000377       0x34 c:/st/stm32cubeide_1.5.0/stm32cubeide/plugins/com.st.stm32cube.ide.mcu.externaltools.gnu-tools-for-stm32.7-2018-q2-update.win32_1.5.0.202011040924/tools/bin/../lib/gcc/arm-none-eabi/7.3.1/../../../../arm-none-eabi/lib/thumb/v7e-m/fpv4-sp/hard\libc_nano.a(lib_a-sbrkr.o)
 .ARM.attributes
                0x00000000000003ab       0x34 c:/st/stm32cubeide_1.5.0/stm32cubeide/plugins/com.st.stm32cube.ide.mcu.externaltools.gnu-tools-for-stm32.7-2018-q2-update.win32_1.5.0.202011040924/tools/bin/../lib/gcc/arm-none-eabi/7.3.1/../../../../arm-none-eabi/lib/thumb/v7e-m/fpv4-sp/hard\libc_nano.a(lib_a-mlock.o)
 .ARM.attributes
                0x00000000000003df       0x34 c:/st/stm32cubeide_1.5.0/stm32cubeide/plugins/com.st.stm32cube.ide.mcu.externaltools.gnu-tools-for-stm32.7-2018-q2-update.win32_1.5.0.202011040924/tools/bin/../lib/gcc/arm-none-eabi/7.3.1/../../../../arm-none-eabi/lib/thumb/v7e-m/fpv4-sp/hard\libc_nano.a(lib_a-reent.o)
 .ARM.attributes
                0x0000000000000413       0x22 c:/st/stm32cubeide_1.5.0/stm32cubeide/plugins/com.st.stm32cube.ide.mcu.externaltools.gnu-tools-for-stm32.7-2018-q2-update.win32_1.5.0.202011040924/tools/bin/../lib/gcc/arm-none-eabi/7.3.1/thumb/v7e-m/fpv4-sp/hard/crtn.o
OUTPUT(SNAKE_GAME_STM32F4.elf elf32-littlearm)

.debug_info     0x0000000000000000     0x38dd
 .debug_info    0x0000000000000000     0x112d Src/main.o
 .debug_info    0x000000000000112d      0x985 Src/sysmem.o
 .debug_info    0x0000000000001ab2       0x22 Startup/startup_stm32f411vetx.o
 .debug_info    0x0000000000001ad4      0x19c drivers/Src/fonts.o
 .debug_info    0x0000000000001c70      0x6a0 drivers/Src/oled.o
 .debug_info    0x0000000000002310      0x71e drivers/Src/stm32f4_gpio.o
 .debug_info    0x0000000000002a2e      0xa04 drivers/Src/stm32f4_i2c.o
 .debug_info    0x0000000000003432      0x3a8 drivers/Src/stm32f4_rcc.o
 .debug_info    0x00000000000037da      0x103 drivers/Src/systick.o

.debug_abbrev   0x0000000000000000      0xb77
 .debug_abbrev  0x0000000000000000      0x2ac Src/main.o
 .debug_abbrev  0x00000000000002ac      0x19b Src/sysmem.o
 .debug_abbrev  0x0000000000000447       0x12 Startup/startup_stm32f411vetx.o
 .debug_abbrev  0x0000000000000459       0xa1 drivers/Src/fonts.o
 .debug_abbrev  0x00000000000004fa      0x19f drivers/Src/oled.o
 .debug_abbrev  0x0000000000000699      0x121 drivers/Src/stm32f4_gpio.o
 .debug_abbrev  0x00000000000007ba      0x22b drivers/Src/stm32f4_i2c.o
 .debug_abbrev  0x00000000000009e5       0xfd drivers/Src/stm32f4_rcc.o
 .debug_abbrev  0x0000000000000ae2       0x95 drivers/Src/systick.o

.debug_aranges  0x0000000000000000      0x328
 .debug_aranges
                0x0000000000000000       0xa0 Src/main.o
 .debug_aranges
                0x00000000000000a0       0x20 Src/sysmem.o
 .debug_aranges
                0x00000000000000c0       0x28 Startup/startup_stm32f411vetx.o
 .debug_aranges
                0x00000000000000e8       0x18 drivers/Src/fonts.o
 .debug_aranges
                0x0000000000000100       0x70 drivers/Src/oled.o
 .debug_aranges
                0x0000000000000170       0x70 drivers/Src/stm32f4_gpio.o
 .debug_aranges
                0x00000000000001e0       0xe8 drivers/Src/stm32f4_i2c.o
 .debug_aranges
                0x00000000000002c8       0x30 drivers/Src/stm32f4_rcc.o
 .debug_aranges
                0x00000000000002f8       0x30 drivers/Src/systick.o

.debug_ranges   0x0000000000000000      0x298
 .debug_ranges  0x0000000000000000       0x90 Src/main.o
 .debug_ranges  0x0000000000000090       0x10 Src/sysmem.o
 .debug_ranges  0x00000000000000a0       0x20 Startup/startup_stm32f411vetx.o
 .debug_ranges  0x00000000000000c0       0x60 drivers/Src/oled.o
 .debug_ranges  0x0000000000000120       0x60 drivers/Src/stm32f4_gpio.o
 .debug_ranges  0x0000000000000180       0xd8 drivers/Src/stm32f4_i2c.o
 .debug_ranges  0x0000000000000258       0x20 drivers/Src/stm32f4_rcc.o
 .debug_ranges  0x0000000000000278       0x20 drivers/Src/systick.o

.debug_macro    0x0000000000000000     0x2ca8
 .debug_macro   0x0000000000000000      0x280 Src/main.o
 .debug_macro   0x0000000000000280      0xa60 Src/main.o
 .debug_macro   0x0000000000000ce0       0x22 Src/main.o
 .debug_macro   0x0000000000000d02       0x40 Src/main.o
 .debug_macro   0x0000000000000d42       0x18 Src/main.o
 .debug_macro   0x0000000000000d5a       0x94 Src/main.o
 .debug_macro   0x0000000000000dee       0x3c Src/main.o
 .debug_macro   0x0000000000000e2a       0x34 Src/main.o
 .debug_macro   0x0000000000000e5e       0x16 Src/main.o
 .debug_macro   0x0000000000000e74       0x57 Src/main.o
 .debug_macro   0x0000000000000ecb       0x97 Src/main.o
 .debug_macro   0x0000000000000f62      0x330 Src/main.o
 .debug_macro   0x0000000000001292       0xfd Src/main.o
 .debug_macro   0x000000000000138f       0x10 Src/main.o
 .debug_macro   0x000000000000139f       0x52 Src/main.o
 .debug_macro   0x00000000000013f1       0x1f Src/main.o
 .debug_macro   0x0000000000001410       0x43 Src/main.o
 .debug_macro   0x0000000000001453       0x20 Src/main.o
 .debug_macro   0x0000000000001473      0x1a3 Src/main.o
 .debug_macro   0x0000000000001616       0x10 Src/main.o
 .debug_macro   0x0000000000001626       0x6a Src/main.o
 .debug_macro   0x0000000000001690       0x1c Src/main.o
 .debug_macro   0x00000000000016ac       0x52 Src/main.o
 .debug_macro   0x00000000000016fe       0x40 Src/main.o
 .debug_macro   0x000000000000173e       0x10 Src/main.o
 .debug_macro   0x000000000000174e       0x40 Src/main.o
 .debug_macro   0x000000000000178e       0xd7 Src/main.o
 .debug_macro   0x0000000000001865       0x1c Src/main.o
 .debug_macro   0x0000000000001881       0x3d Src/main.o
 .debug_macro   0x00000000000018be       0x16 Src/main.o
 .debug_macro   0x00000000000018d4      0x145 Src/main.o
 .debug_macro   0x0000000000001a19       0x16 Src/main.o
 .debug_macro   0x0000000000001a2f       0x35 Src/main.o
 .debug_macro   0x0000000000001a64       0x16 Src/main.o
 .debug_macro   0x0000000000001a7a       0x29 Src/main.o
 .debug_macro   0x0000000000001aa3       0xef Src/main.o
 .debug_macro   0x0000000000001b92      0x1df Src/main.o
 .debug_macro   0x0000000000001d71      0x51d Src/main.o
 .debug_macro   0x000000000000228e       0xf2 Src/main.o
 .debug_macro   0x0000000000002380       0xc4 Src/main.o
 .debug_macro   0x0000000000002444       0xca Src/main.o
 .debug_macro   0x000000000000250e       0x16 Src/main.o
 .debug_macro   0x0000000000002524       0x22 Src/main.o
 .debug_macro   0x0000000000002546       0xee Src/sysmem.o
 .debug_macro   0x0000000000002634      0x23b Src/sysmem.o
 .debug_macro   0x000000000000286f       0x6d drivers/Src/fonts.o
 .debug_macro   0x00000000000028dc       0x8e drivers/Src/fonts.o
 .debug_macro   0x000000000000296a       0x51 drivers/Src/fonts.o
 .debug_macro   0x00000000000029bb       0xd0 drivers/Src/oled.o
 .debug_macro   0x0000000000002a8b       0x8a drivers/Src/stm32f4_gpio.o
 .debug_macro   0x0000000000002b15       0xa1 drivers/Src/stm32f4_i2c.o
 .debug_macro   0x0000000000002bb6       0x85 drivers/Src/stm32f4_rcc.o
 .debug_macro   0x0000000000002c3b       0x6d drivers/Src/systick.o

.debug_line     0x0000000000000000     0x2d94
 .debug_line    0x0000000000000000      0x924 Src/main.o
 .debug_line    0x0000000000000924      0x4c2 Src/sysmem.o
 .debug_line    0x0000000000000de6       0x84 Startup/startup_stm32f411vetx.o
 .debug_line    0x0000000000000e6a      0x3ba drivers/Src/fonts.o
 .debug_line    0x0000000000001224      0x5da drivers/Src/oled.o
 .debug_line    0x00000000000017fe      0x5bf drivers/Src/stm32f4_gpio.o
 .debug_line    0x0000000000001dbd      0x79d drivers/Src/stm32f4_i2c.o
 .debug_line    0x000000000000255a      0x42e drivers/Src/stm32f4_rcc.o
 .debug_line    0x0000000000002988      0x40c drivers/Src/systick.o

.debug_str      0x0000000000000000     0xac75
 .debug_str     0x0000000000000000     0x9e9d Src/main.o
                                       0xa122 (size before relaxing)
 .debug_str     0x0000000000009e9d      0x4e4 Src/sysmem.o
                                       0x5f5a (size before relaxing)
 .debug_str     0x000000000000a381       0x31 Startup/startup_stm32f411vetx.o
                                         0x64 (size before relaxing)
 .debug_str     0x000000000000a3b2       0x34 drivers/Src/fonts.o
                                       0x3c82 (size before relaxing)
 .debug_str     0x000000000000a3e6      0x211 drivers/Src/oled.o
                                       0x5c85 (size before relaxing)
 .debug_str     0x000000000000a5f7      0x2ad drivers/Src/stm32f4_gpio.o
                                       0x5b7f (size before relaxing)
 .debug_str     0x000000000000a8a4      0x2c4 drivers/Src/stm32f4_i2c.o
                                       0x5dda (size before relaxing)
 .debug_str     0x000000000000ab68       0xb6 drivers/Src/stm32f4_rcc.o
                                       0x57a1 (size before relaxing)
 .debug_str     0x000000000000ac1e       0x57 drivers/Src/systick.o
                                       0x3c53 (size before relaxing)

.comment        0x0000000000000000       0x7b
 .comment       0x0000000000000000       0x7b Src/main.o
                                         0x7c (size before relaxing)
 .comment       0x000000000000007b       0x7c Src/sysmem.o
 .comment       0x000000000000007b       0x7c drivers/Src/fonts.o
 .comment       0x000000000000007b       0x7c drivers/Src/oled.o
 .comment       0x000000000000007b       0x7c drivers/Src/stm32f4_gpio.o
 .comment       0x000000000000007b       0x7c drivers/Src/stm32f4_i2c.o
 .comment       0x000000000000007b       0x7c drivers/Src/stm32f4_rcc.o
 .comment       0x000000000000007b       0x7c drivers/Src/systick.o

.debug_frame    0x0000000000000000      0xc90
 .debug_frame   0x0000000000000000      0x254 Src/main.o
 .debug_frame   0x0000000000000254       0x34 Src/sysmem.o
 .debug_frame   0x0000000000000288      0x1ac drivers/Src/oled.o
 .debug_frame   0x0000000000000434      0x1c8 drivers/Src/stm32f4_gpio.o
 .debug_frame   0x00000000000005fc      0x3f8 drivers/Src/stm32f4_i2c.o
 .debug_frame   0x00000000000009f4       0x80 drivers/Src/stm32f4_rcc.o
 .debug_frame   0x0000000000000a74       0x74 drivers/Src/systick.o
 .debug_frame   0x0000000000000ae8       0x20 c:/st/stm32cubeide_1.5.0/stm32cubeide/plugins/com.st.stm32cube.ide.mcu.externaltools.gnu-tools-for-stm32.7-2018-q2-update.win32_1.5.0.202011040924/tools/bin/../lib/gcc/arm-none-eabi/7.3.1/../../../../arm-none-eabi/lib/thumb/v7e-m/fpv4-sp/hard\libc_nano.a(lib_a-errno.o)
 .debug_frame   0x0000000000000b08       0x2c c:/st/stm32cubeide_1.5.0/stm32cubeide/plugins/com.st.stm32cube.ide.mcu.externaltools.gnu-tools-for-stm32.7-2018-q2-update.win32_1.5.0.202011040924/tools/bin/../lib/gcc/arm-none-eabi/7.3.1/../../../../arm-none-eabi/lib/thumb/v7e-m/fpv4-sp/hard\libc_nano.a(lib_a-init.o)
 .debug_frame   0x0000000000000b34       0x48 c:/st/stm32cubeide_1.5.0/stm32cubeide/plugins/com.st.stm32cube.ide.mcu.externaltools.gnu-tools-for-stm32.7-2018-q2-update.win32_1.5.0.202011040924/tools/bin/../lib/gcc/arm-none-eabi/7.3.1/../../../../arm-none-eabi/lib/thumb/v7e-m/fpv4-sp/hard\libc_nano.a(lib_a-rand.o)
 .debug_frame   0x0000000000000b7c       0x30 c:/st/stm32cubeide_1.5.0/stm32cubeide/plugins/com.st.stm32cube.ide.mcu.externaltools.gnu-tools-for-stm32.7-2018-q2-update.win32_1.5.0.202011040924/tools/bin/../lib/gcc/arm-none-eabi/7.3.1/../../../../arm-none-eabi/lib/thumb/v7e-m/fpv4-sp/hard\libc_nano.a(lib_a-malloc.o)
 .debug_frame   0x0000000000000bac       0x2c c:/st/stm32cubeide_1.5.0/stm32cubeide/plugins/com.st.stm32cube.ide.mcu.externaltools.gnu-tools-for-stm32.7-2018-q2-update.win32_1.5.0.202011040924/tools/bin/../lib/gcc/arm-none-eabi/7.3.1/../../../../arm-none-eabi/lib/thumb/v7e-m/fpv4-sp/hard\libc_nano.a(lib_a-nano-mallocr.o)
 .debug_frame   0x0000000000000bd8       0x2c c:/st/stm32cubeide_1.5.0/stm32cubeide/plugins/com.st.stm32cube.ide.mcu.externaltools.gnu-tools-for-stm32.7-2018-q2-update.win32_1.5.0.202011040924/tools/bin/../lib/gcc/arm-none-eabi/7.3.1/../../../../arm-none-eabi/lib/thumb/v7e-m/fpv4-sp/hard\libc_nano.a(lib_a-sbrkr.o)
 .debug_frame   0x0000000000000c04       0x30 c:/st/stm32cubeide_1.5.0/stm32cubeide/plugins/com.st.stm32cube.ide.mcu.externaltools.gnu-tools-for-stm32.7-2018-q2-update.win32_1.5.0.202011040924/tools/bin/../lib/gcc/arm-none-eabi/7.3.1/../../../../arm-none-eabi/lib/thumb/v7e-m/fpv4-sp/hard\libc_nano.a(lib_a-mlock.o)
 .debug_frame   0x0000000000000c34       0x5c c:/st/stm32cubeide_1.5.0/stm32cubeide/plugins/com.st.stm32cube.ide.mcu.externaltools.gnu-tools-for-stm32.7-2018-q2-update.win32_1.5.0.202011040924/tools/bin/../lib/gcc/arm-none-eabi/7.3.1/../../../../arm-none-eabi/lib/thumb/v7e-m/fpv4-sp/hard\libc_nano.a(lib_a-reent.o)
