main.c:49:6:I2C1_GPIOInits	24	static
main.c:72:6:I2C1_Inits	8	static
main.c:83:6:GPIO_ButtonInit	56	static
main.c:118:5:main	8	static
main.c:158:6:draw_snake	40	static
main.c:169:6:draw_food	40	static
main.c:181:6:clear_block	40	static
main.c:193:6:update_grid	16	static
main.c:212:6:init_grid	16	static
main.c:220:6:move_snake	32	static
main.c:243:6:re_init	8	static
main.c:262:6:spawn_food	16	static
main.c:272:5:rand_no	24	static
main.c:277:6:check_collision	8	static
main.c:292:6:wait_check	16	static
main.c:321:6:check_food	8	static
main.c:331:6:game_over_screen	16	static
